<_TtGC7SwiftUI14_UIHostingViewV10GameStream8HomeView_; frame = (0 0; 375 667); autoresize = W+H; gestureRecognizers = <NSArray>; layer = <CALayer>>
   | <SwiftUI._UIGraphicsView; frame = (0 0; 375 667); anchorPoint = (0, 0); autoresizesSubviews = NO; layer = <CALayer>>
   | <SwiftUI.HostingScrollView; baseClass = UIScrollView; frame = (10 0; 355 667); anchorPoint = (0, 0); clipsToBounds = YES; gestureRecognizers = <NSArray>; layer = <CALayer>; contentOffset: {0, -20}; contentSize: {355, 824}; adjustedContentInset: {20, 0, 0, 0}>
   |    | <_TtCC7SwiftUI17HostingScrollView22PlatformGroupContainer; frame = (0 0; 355 824); layer = <CALayer>>
   |    |    | <SwiftUI._UIGraphicsView; frame = (57.5 12; 240 26); anchorPoint = (0, 0); autoresizesSubviews = NO; layer = <SwiftUI.ImageLayer>>
   |    |    | <SwiftUI._UIGraphicsView; frame = (0 70; 355 46); anchorPoint = (0, 0); clipsToBounds = YES; autoresizesSubviews = NO; layer = <CALayer>>
   |    |    | <SwiftUI._UIGraphicsView; frame = (18 85; 16.5 16.5); anchorPoint = (0, 0); alpha = 0.5; autoresizesSubviews = NO; layer = <SwiftUI.ImageLayer>>
   |    |    | <_TtCOCV7SwiftUI11DisplayList11ViewUpdater8Platform13CGDrawingView; frame = (133 83; 122 20.5); anchorPoint = (0, 0); alpha = 0.5; opaque = NO; autoresizesSubviews = NO; layer = <CALayer>>
   |    |    | <_TtC7SwiftUIP33_A34643117F00277B93DEBAB70EC0697116_UIInheritedView; frame = (0 70; 355 46); anchorPoint = (0, 0); clipsToBounds = YES; autoresizesSubviews = NO; layer = <CALayer>>
   |    |    |    | <_TtGC7SwiftUI16PlatformViewHostGVS_P13$7fff5cdde44832PlatformViewRepresentableAdaptorGVS_P13$7fff5cd6802016_SystemTextFieldVS_20_TextFieldStyleLabel___; frame = (44.5 12; 298.5 22); anchorPoint = (0, 0); tintColor = UIExtendedSRGBColorSpace 0 0.478431 1 1; layer = <CALayer>>
   |    |    |    |    | <UITextField; frame = (0 0; 298.5 22); opaque = NO; gestureRecognizers = <NSArray>; borderStyle = None; background = <_UITextFieldNoBackgroundProvider: textfield=<UITextField>>; layer = <CALayer>>
   |    |    |    |    |    | <_UITextLayoutCanvasView; frame = (0 0; 299 22); userInteractionEnabled = NO; layer = <CALayer>>
   |    |    |    |    |    |    | <_UITextLayoutFragmentView; frame = (0 17; 0 1); opaque = NO; userInteractionEnabled = NO; layer = <CALayer>>
   |    |    | <_TtCOCV7SwiftUI11DisplayList11ViewUpdater8Platform13CGDrawingView; frame = (0 152; 173 20.5); anchorPoint = (0, 0); opaque = NO; autoresizesSubviews = NO; layer = <CALayer>>
   |    |    | <SwiftUI._UIGraphicsView; frame = (0 190.5; 355 183); anchorPoint = (0, 0); autoresizesSubviews = NO; layer = <SwiftUI.ImageLayer>>
   |    |    | <SwiftUI._UIGraphicsView; frame = (152.5 257; 50 50); anchorPoint = (0, 0); autoresizesSubviews = NO; layer = <SwiftUI.ImageLayer>>
   |    |    | <SwiftUI._UIGraphicsView; frame = (0 373.5; 355 44.5); anchorPoint = (0, 0); autoresizesSubviews = NO; layer = <CALayer>>
   |    |    | <_TtC7SwiftUIP33_A34643117F00277B93DEBAB70EC0697116_UIInheritedView; frame = (0 373.5; 200 20.5); anchorPoint = (0, 0); autoresizesSubviews = NO; layer = <CALayer>>
   |    |    |    | <_TtCOCV7SwiftUI11DisplayList11ViewUpdater8Platform13CGDrawingView; frame = (10 12; 200 20.5); anchorPoint = (0, 0); opaque = NO; autoresizesSubviews = NO; layer = <CALayer>>
   |    |    | <_TtCOCV7SwiftUI11DisplayList11ViewUpdater8Platform13CGDrawingView; frame = (0 452; 264.5 20.5); anchorPoint = (0, 0); opaque = NO; autoresizesSubviews = NO; layer = <CALayer>>
   |    |    | <SwiftUI.HostingScrollView; baseClass = UIScrollView; frame = (0 498.5; 355 109); anchorPoint = (0, 0); clipsToBounds = YES; gestureRecognizers = <NSArray>; layer = <CALayer>; contentOffset: {0, 0}; contentSize: {804, 109}; adjustedContentInset: {0, 0, 0, 0}>
   |    |    |    | <_TtCC7SwiftUI17HostingScrollView22PlatformGroupContainer; frame = (0 0; 804 109); layer = <CALayer>>
   |    |    |    |    | <SwiftUI._UIGraphicsView; frame = (0 0; 195 109); anchorPoint = (0, 0); clipsToBounds = YES; autoresizesSubviews = NO; layer = <CALayer>>
   |    |    |    |    | <SwiftUI._UIGraphicsView; frame = (81.5 26.5; 32 27); anchorPoint = (0, 0); autoresizesSubviews = NO; layer = <SwiftUI.ImageLayer>>
   |    |    |    |    | <_TtCOCV7SwiftUI11DisplayList11ViewUpdater8Platform13CGDrawingView; frame = (52 64.5; 91.5 20.5); anchorPoint = (0, 0); opaque = NO; autoresizesSubviews = NO; layer = <CALayer>>
   |    |    |    |    | <SwiftUI._UIGraphicsView; frame = (203 0; 195 109); anchorPoint = (0, 0); clipsToBounds = YES; autoresizesSubviews = NO; layer = <CALayer>>
   |    |    |    |    | <SwiftUI._UIGraphicsView; frame = (284.5 25.5; 32 29); anchorPoint = (0, 0); autoresizesSubviews = NO; layer = <SwiftUI.ImageLayer>>
   |    |    |    |    | <_TtCOCV7SwiftUI11DisplayList11ViewUpdater8Platform13CGDrawingView; frame = (283 64.5; 35 20.5); anchorPoint = (0, 0); opaque = NO; autoresizesSubviews = NO; layer = <CALayer>>
   |    |    |    |    | <SwiftUI._UIGraphicsView; frame = (406 0; 195 109); anchorPoint = (0, 0); clipsToBounds = YES; autoresizesSubviews = NO; layer = <CALayer>>
   |    |    |    |    | <SwiftUI._UIGraphicsView; frame = (487.5 24; 32 32); anchorPoint = (0, 0); autoresizesSubviews = NO; layer = <SwiftUI.ImageLayer>>
   |    |    |    |    | <_TtCOCV7SwiftUI11DisplayList11ViewUpdater8Platform13CGDrawingView; frame = (487.5 64.5; 32 20.5); anchorPoint = (0, 0); opaque = NO; autoresizesSubviews = NO; layer = <CALayer>>
   |    |    |    |    | <SwiftUI._UIGraphicsView; frame = (609 0; 195 109); anchorPoint = (0, 0); clipsToBounds = YES; autoresizesSubviews = NO; layer = <CALayer>>
   |    |    |    |    | <SwiftUI._UIGraphicsView; frame = (690.5 24; 32 32); anchorPoint = (0, 0); autoresizesSubviews = NO; layer = <SwiftUI.ImageLayer>>
   |    |    |    |    | <_TtCOCV7SwiftUI11DisplayList11ViewUpdater8Platform13CGDrawingView; frame = (650 64.5; 113.5 20.5); anchorPoint = (0, 0); opaque = NO; autoresizesSubviews = NO; layer = <CALayer>>
   |    |    | <_TtCOCV7SwiftUI11DisplayList11ViewUpdater8Platform13CGDrawingView; frame = (0 649.5; 194 20.5); anchorPoint = (0, 0); opaque = NO; autoresizesSubviews = NO; layer = <CALayer>>
   |    |    | <SwiftUI.HostingScrollView; baseClass = UIScrollView; frame = (0 696; 355 128); anchorPoint = (0, 0); clipsToBounds = YES; gestureRecognizers = <NSArray>; layer = <CALayer>; contentOffset: {0, 0}; contentSize: {918.5, 128}; adjustedContentInset: {0, 0, 0, 0}>
   |    |    |    | <_TtCC7SwiftUI17HostingScrollView22PlatformGroupContainer; frame = (0 0; 918.5 128); layer = <CALayer>>
   |    |    |    |    | <SwiftUI._UIGraphicsView; frame = (0 0; 223.5 128); anchorPoint = (0, 0); autoresizesSubviews = NO; layer = <SwiftUI.ImageLayer>>
   |    |    |    |    | <SwiftUI._UIGraphicsView; frame = (231.5 0; 224 128); anchorPoint = (0, 0); autoresizesSubviews = NO; layer = <SwiftUI.ImageLayer>>
   |    |    |    |    | <SwiftUI._UIGraphicsView; frame = (463.5 0; 223.5 128); anchorPoint = (0, 0); autoresizesSubviews = NO; layer = <SwiftUI.ImageLayer>>
   |    |    |    |    | <SwiftUI._UIGraphicsView; frame = (695 0; 223.5 128); anchorPoint = (0, 0); autoresizesSubviews = NO; layer = <SwiftUI.ImageLayer>>
   |    | <_UIScrollViewScrollIndicator; frame = (349 3; 3 506.5); alpha = 0; autoresize = LM; layer = <CALayer>>
   |    |    | <UIView; frame = (0 0; 3 506.5); layer = <CALayer>>